Pytest: No tests collected
[full output: ~/AppData\Local\rtk\tee\1779239478_pytest.log]
